// Jest Snapshot v1, https://goo.gl/fbAQLP

exports[`Validate default view 1`] = `
<div class="vsr_component_schema-render">
  <div class="vsr_component_form">
    <form class="el-form el-form--label-top">
      <div class="el-form-item is-required">
        <label for="test"
               class="el-form-item__label"
        >
          <span>
            test
          </span>
        </label>
        <div class="el-form-item__content">
          <div class="vsr_component_dispatcher has-error">
            <div class="vsr_component_basic">
              <div class="el-input">
                <input type="text"
                       autocomplete="off"
                       placeholder="test"
                       rows="5"
                       class="el-input__inner"
                >
              </div>
            </div>
            <div class="validate-error">
              test is required
            </div>
          </div>
          <transition-stub name="el-zoom-in-top">
          </transition-stub>
        </div>
      </div>
    </form>
  </div>
</div>
`;
